[bootstraplovers.com/assan-v3.6/classic-template/html/index.html]
[backblue.gif]
[fade.gif]
[index.html]
[bootstraplovers.com/assan-v3.6/classic-template/html/images/shop/p1.jpg]
[bootstraplovers.com/assan-v3.6/classic-template/html/images/shop/p2.jpg]
[bootstraplovers.com/assan-v3.6/classic-template/html/images/shop/p3.jpg]
[bootstraplovers.com/assan-v3.6/classic-template/html/images/logo.png]
[bootstraplovers.com/assan-v3.6/classic-template/html/images/logo-light.png]
[bootstraplovers.com/assan-v3.6/classic-template/html/index-02.html]
[bootstraplovers.com/assan-v3.6/classic-template/html/index-03.html]
[bootstraplovers.com/assan-v3.6/classic-template/html/index-04.html]
[bootstraplovers.com/assan-v3.6/classic-template/html/index-05.html]
[bootstraplovers.com/assan-v3.6/classic-template/html/classic-onepage-resume-cv.html]
[bootstraplovers.com/assan-v3.6/classic-template/html/classic-onepage-personal.html]
[bootstraplovers.com/assan-v3.6/classic-template/html/classic-onepage-events.html]
[bootstraplovers.com/assan-v3.6/classic-template/html/classic-onepage-restaurant.html]
[bootstraplovers.com/assan-v3.6/classic-template/html/shop-home.html]
[bootstraplovers.com/assan-v3.6/classic-template/html/shop-full.html]
[bootstraplovers.com/assan-v3.6/classic-template/html/shop-sidebar.html]
[bootstraplovers.com/assan-v3.6/classic-template/html/shop-item.html]
[bootstraplovers.com/assan-v3.6/classic-template/html/shop-cart.html]
[bootstraplovers.com/assan-v3.6/classic-template/html/shop-checkout.html]
[bootstraplovers.com/assan-v3.6/classic-template/html/page-about.html]
[bootstraplovers.com/assan-v3.6/classic-template/html/page-about-alt.html]
[bootstraplovers.com/assan-v3.6/classic-template/html/page-team.html]
[bootstraplovers.com/assan-v3.6/classic-template/html/page-services.html]
[bootstraplovers.com/assan-v3.6/classic-template/html/page-service-alt.html]
[bootstraplovers.com/assan-v3.6/classic-template/html/page-contact-basic.html]
[bootstraplovers.com/assan-v3.6/classic-template/html/page-contact-advanced.html]
[bootstraplovers.com/assan-v3.6/classic-template/html/page-faq.html]
[bootstraplovers.com/assan-v3.6/classic-template/html/page-pricing.html]
[bootstraplovers.com/assan-v3.6/classic-template/html/page-sec-navbar.html]
[bootstraplovers.com/assan-v3.6/classic-template/html/page-clients.html]
[bootstraplovers.com/assan-v3.6/classic-template/html/page-career.html]
[bootstraplovers.com/assan-v3.6/classic-template/html/page-office.html]
[bootstraplovers.com/assan-v3.6/classic-template/html/page-custom-header.html]
[bootstraplovers.com/assan-v3.6/classic-template/html/page-full-width.html]
[bootstraplovers.com/assan-v3.6/classic-template/html/page-left-sidebar.html]
[bootstraplovers.com/assan-v3.6/classic-template/html/page-right-sidebar.html]
[bootstraplovers.com/assan-v3.6/classic-template/html/page-both-sidebar.html]
[bootstraplovers.com/assan-v3.6/classic-template/html/page-coming-soon.html]
[bootstraplovers.com/assan-v3.6/classic-template/html/page-coming-soon2.html]
[bootstraplovers.com/assan-v3.6/classic-template/html/page-blank.html]
[bootstraplovers.com/assan-v3.6/classic-template/html/page-login.html]
[bootstraplovers.com/assan-v3.6/classic-template/html/page-register.html]
[bootstraplovers.com/assan-v3.6/classic-template/html/page-fpassword.html]
[bootstraplovers.com/assan-v3.6/classic-template/html/page-success.html]
[bootstraplovers.com/assan-v3.6/classic-template/html/page-maintenence.html]
[bootstraplovers.com/assan-v3.6/classic-template/html/page-404-video.html]
[bootstraplovers.com/assan-v3.6/classic-template/html/page-404-particle.html]
[bootstraplovers.com/assan-v3.6/classic-template/html/folio-grid-2.html]
[bootstraplovers.com/assan-v3.6/classic-template/html/folio-grid-3.html]
[bootstraplovers.com/assan-v3.6/classic-template/html/folio-grid-4.html]
[bootstraplovers.com/assan-v3.6/classic-template/html/folio-grid-5.html]
[bootstraplovers.com/assan-v3.6/classic-template/html/folio-grid-6.html]
[bootstraplovers.com/assan-v3.6/classic-template/html/folio-ajax-load.html]
[bootstraplovers.com/assan-v3.6/classic-template/html/folio-ajax-modal.html]
[bootstraplovers.com/assan-v3.6/classic-template/html/folio-grid-title-2.html]
[bootstraplovers.com/assan-v3.6/classic-template/html/folio-grid-title-3.html]
[bootstraplovers.com/assan-v3.6/classic-template/html/folio-grid-title-4.html]
[bootstraplovers.com/assan-v3.6/classic-template/html/folio-grid-title-5.html]
[bootstraplovers.com/assan-v3.6/classic-template/html/folio-grid-title-6.html]
[bootstraplovers.com/assan-v3.6/classic-template/html/folio-grid-title-nm-2.html]
[bootstraplovers.com/assan-v3.6/classic-template/html/folio-grid-title-nm-3.html]
[bootstraplovers.com/assan-v3.6/classic-template/html/folio-grid-title-nm-5.html]
[bootstraplovers.com/assan-v3.6/classic-template/html/folio-grid-title-nm-4.html]
[bootstraplovers.com/assan-v3.6/classic-template/html/folio-grid-fw-2.html]
[bootstraplovers.com/assan-v3.6/classic-template/html/folio-grid-fw-3.html]
[bootstraplovers.com/assan-v3.6/classic-template/html/folio-grid-fw-4.html]
[bootstraplovers.com/assan-v3.6/classic-template/html/folio-grid-fw-5.html]
[bootstraplovers.com/assan-v3.6/classic-template/html/folio-grid-fw-6.html]
[bootstraplovers.com/assan-v3.6/classic-template/html/folio-grid-fw-nm-2.html]
[bootstraplovers.com/assan-v3.6/classic-template/html/folio-grid-fw-nm-3.html]
[bootstraplovers.com/assan-v3.6/classic-template/html/folio-grid-fw-nm-4.html]
[bootstraplovers.com/assan-v3.6/classic-template/html/folio-grid-fw-nm-5.html]
[bootstraplovers.com/assan-v3.6/classic-template/html/folio-masonry-2.html]
[bootstraplovers.com/assan-v3.6/classic-template/html/folio-masonry-3.html]
[bootstraplovers.com/assan-v3.6/classic-template/html/folio-masonry-4.html]
[bootstraplovers.com/assan-v3.6/classic-template/html/folio-mosaic-contained.html]
[bootstraplovers.com/assan-v3.6/classic-template/html/folio-mosaic-full.html]
[bootstraplovers.com/assan-v3.6/classic-template/html/folio-single-gallery.html]
[bootstraplovers.com/assan-v3.6/classic-template/html/folio-single-video.html]
[bootstraplovers.com/assan-v3.6/classic-template/html/blog-contained.html]
[bootstraplovers.com/assan-v3.6/classic-template/html/blog-sidebar-left.html]
[bootstraplovers.com/assan-v3.6/classic-template/html/blog-sidebar-right.html]
[bootstraplovers.com/assan-v3.6/classic-template/html/blog-masonry.html]
[bootstraplovers.com/assan-v3.6/classic-template/html/blog-masonry-sidebar.html]
[bootstraplovers.com/assan-v3.6/classic-template/html/blog-lg-post-grid.html]
[bootstraplovers.com/assan-v3.6/classic-template/html/blog-timeline.html]
[bootstraplovers.com/assan-v3.6/classic-template/html/post-image.html]
[bootstraplovers.com/assan-v3.6/classic-template/html/post-gallery.html]
[bootstraplovers.com/assan-v3.6/classic-template/html/post-video.html]
[bootstraplovers.com/assan-v3.6/classic-template/html/header-dark-top-bar.html]
[bootstraplovers.com/assan-v3.6/classic-template/html/header-light-top-bar.html]
[bootstraplovers.com/assan-v3.6/classic-template/html/header-transparent-dark.html]
[bootstraplovers.com/assan-v3.6/classic-template/html/header-transparent-light.html]
[bootstraplovers.com/assan-v3.6/classic-template/html/header-center-logo.html]
[bootstraplovers.com/assan-v3.6/classic-template/html/header-center-navbar.html]
[bootstraplovers.com/assan-v3.6/classic-template/html/header-sticky-dark.html]
[bootstraplovers.com/assan-v3.6/classic-template/html/header-sticky-light.html]
[bootstraplovers.com/assan-v3.6/classic-template/html/header-after-hero.html]
[bootstraplovers.com/assan-v3.6/classic-template/html/footer-1.html]
[bootstraplovers.com/assan-v3.6/classic-template/html/footer-2.html]
[bootstraplovers.com/assan-v3.6/classic-template/html/footer-3.html]
[bootstraplovers.com/assan-v3.6/classic-template/html/footer-4.html]
[bootstraplovers.com/assan-v3.6/classic-template/html/footer-5.html]
[bootstraplovers.com/assan-v3.6/classic-template/html/footer-6.html]
[bootstraplovers.com/assan-v3.6/classic-template/html/footer-7.html]
[bootstraplovers.com/assan-v3.6/classic-template/html/hero-particle.html]
[bootstraplovers.com/assan-v3.6/classic-template/html/hero-parallax.html]
[bootstraplovers.com/assan-v3.6/classic-template/html/hero-youtube.html]
[bootstraplovers.com/assan-v3.6/classic-template/html/hero-vimeo.html]
[bootstraplovers.com/assan-v3.6/classic-template/html/hero-agency.html]
[bootstraplovers.com/assan-v3.6/classic-template/html/slider-particle.html]
[bootstraplovers.com/assan-v3.6/classic-template/html/slider-small.html]
[bootstraplovers.com/assan-v3.6/classic-template/html/slider-text.html]
[bootstraplovers.com/assan-v3.6/classic-template/html/slider-carousel.html]
[bootstraplovers.com/assan-v3.6/classic-template/html/slider-kenburns.html]
[bootstraplovers.com/assan-v3.6/classic-template/html/slider-image.html]
[bootstraplovers.com/assan-v3.6/classic-template/html/shortcode-buttons.html]
[bootstraplovers.com/assan-v3.6/classic-template/html/shortcode-animations.html]
[bootstraplovers.com/assan-v3.6/classic-template/html/shortcode-social-buttons.html]
[bootstraplovers.com/assan-v3.6/classic-template/html/shortcode-carousel.html]
[bootstraplovers.com/assan-v3.6/classic-template/html/shortcode-clients.html]
[bootstraplovers.com/assan-v3.6/classic-template/html/shortcode-columns.html]
[bootstraplovers.com/assan-v3.6/classic-template/html/shortcode-alerts.html]
[bootstraplovers.com/assan-v3.6/classic-template/html/shortcode-page-titles.html]
[bootstraplovers.com/assan-v3.6/classic-template/html/shortcode-icon-box.html]
[bootstraplovers.com/assan-v3.6/classic-template/html/shortcode-parallax.html]
[bootstraplovers.com/assan-v3.6/classic-template/html/shortcode-flex-box.html]
[bootstraplovers.com/assan-v3.6/classic-template/html/shortcode-promo-box.html]
[bootstraplovers.com/assan-v3.6/classic-template/html/shortcode-lightbox.html]
[bootstraplovers.com/assan-v3.6/classic-template/html/shortcode-testimonials.html]
[bootstraplovers.com/assan-v3.6/classic-template/html/shortcode-icons.html]
[bootstraplovers.com/assan-v3.6/classic-template/html/shortcode-counter.html]
[bootstraplovers.com/assan-v3.6/classic-template/html/shortcode-tabs.html]
[bootstraplovers.com/assan-v3.6/classic-template/html/shortcode-accordions.html]
[bootstraplovers.com/assan-v3.6/classic-template/html/shortcode-progressbars.html]
[bootstraplovers.com/assan-v3.6/classic-template/html/shortcode-typography.html]
[bootstraplovers.com/assan-v3.6/classic-template/html/shortcode-card.html]
[bootstraplovers.com/assan-v3.6/classic-template/html/shortcode-tables.html]
[bootstraplovers.com/assan-v3.6/classic-template/html/shortcode-sticky-elements.html]
[bootstraplovers.com/assan-v3.6/classic-template/html/shortcode-pricing-tables.html]
[bootstraplovers.com/assan-v3.6/classic-template/html/shortcode-charts.html]
[bootstraplovers.com/assan-v3.6/classic-template/html/shortcode-responsive-videos.html]
[bootstraplovers.com/assan-v3.6/classic-template/html/shortcode-gmap.html]
[bootstraplovers.com/assan-v3.6/classic-template/html/shortcode-modals.html]
[bootstraplovers.com/assan-v3.6/classic-template/html/shortcode-blockquotes.html]
[bootstraplovers.com/assan-v3.6/classic-template/html/shortcode-paginations.html]
[bootstraplovers.com/assan-v3.6/classic-template/html/shortcode-form-elments.html]
[bootstraplovers.com/assan-v3.6/classic-template/html/shortcode-notify.html]
[bootstraplovers.com/assan-v3.6/classic-template/html/shortcode-image-text-cards.html]
[bootstraplovers.com/assan-v3.6/classic-template/html/images/bg1.jpg]
[bootstraplovers.com/assan-v3.6/classic-template/html/images/bg13.jpg]
[bootstraplovers.com/assan-v3.6/classic-template/html/images/video/Busy-People.jpg]
[bootstraplovers.com/assan-v3.6/classic-template/html/images/masonry/sm1.jpg]
[bootstraplovers.com/assan-v3.6/classic-template/html/images/masonry/sm2.jpg]
[bootstraplovers.com/assan-v3.6/classic-template/html/images/masonry/lgv1.jpg]
[bootstraplovers.com/assan-v3.6/classic-template/html/images/masonry/lgh1.jpg]
[bootstraplovers.com/assan-v3.6/classic-template/html/images/masonry/sm3.jpg]
[bootstraplovers.com/assan-v3.6/classic-template/html/images/masonry/sm4.jpg]
[bootstraplovers.com/assan-v3.6/classic-template/html/images/bg6.jpg]
[bootstraplovers.com/assan-v3.6/classic-template/html/images/bg5.jpg]
[bootstraplovers.com/assan-v3.6/classic-template/html/images/browser-set.png]
[bootstraplovers.com/assan-v3.6/classic-template/html/images/customer-1.jpg]
[bootstraplovers.com/assan-v3.6/classic-template/html/images/customer-2.jpg]
[bootstraplovers.com/assan-v3.6/classic-template/html/images/customer-3.jpg]
[bootstraplovers.com/assan-v3.6/classic-template/html/images/entry1.jpg]
[bootstraplovers.com/assan-v3.6/classic-template/html/images/entry2.jpg]
[bootstraplovers.com/assan-v3.6/classic-template/html/images/entry3.jpg]
[bootstraplovers.com/assan-v3.6/classic-template/html/images/cl-1.png]
[bootstraplovers.com/assan-v3.6/classic-template/html/images/cl-2.png]
[bootstraplovers.com/assan-v3.6/classic-template/html/images/cl-3.png]
[bootstraplovers.com/assan-v3.6/classic-template/html/images/cl-4.png]
[bootstraplovers.com/assan-v3.6/classic-template/html/images/cl-5.png]
[bootstraplovers.com/assan-v3.6/classic-template/html/images/img1.jpg]
[bootstraplovers.com/assan-v3.6/classic-template/html/images/img2.jpg]
[bootstraplovers.com/assan-v3.6/classic-template/html/images/img5.jpg]
[bootstraplovers.com/assan-v3.6/classic-template/html/images/map-img.png]
[bootstraplovers.com/assan-v3.6/classic-template/html/js/plugins/plugins.js]
[bootstraplovers.com/assan-v3.6/classic-template/html/js/assan.custom.js]
[bootstraplovers.com/assan-v3.6/classic-template/html/cubeportfolio/js/jquery.cubeportfolio.min.js]
[bootstraplovers.com/assan-v3.6/classic-template/html/revolution/js/jquery.themepunch.tools.min.js]
[bootstraplovers.com/assan-v3.6/classic-template/html/revolution/js/jquery.themepunch.revolution.min.js]
[bootstraplovers.com/assan-v3.6/classic-template/html/revolution/js/extensions/revolution.extension.actions.min.js]
[bootstraplovers.com/assan-v3.6/classic-template/html/revolution/js/extensions/revolution.extension.carousel.min.js]
[bootstraplovers.com/assan-v3.6/classic-template/html/revolution/js/extensions/revolution.extension.kenburn.min.js]
[bootstraplovers.com/assan-v3.6/classic-template/html/revolution/js/extensions/revolution.extension.layeranimation.min.js]
[bootstraplovers.com/assan-v3.6/classic-template/html/revolution/js/extensions/revolution.extension.migration.min.js]
[bootstraplovers.com/assan-v3.6/classic-template/html/revolution/js/extensions/revolution.extension.navigation.min.js]
[bootstraplovers.com/assan-v3.6/classic-template/html/revolution/js/extensions/revolution.extension.parallax.min.js]
[bootstraplovers.com/assan-v3.6/classic-template/html/revolution/js/extensions/revolution.extension.slideanims.min.js]
[bootstraplovers.com/assan-v3.6/classic-template/html/index.html]
[bootstraplovers.com/assan-v3.6/classic-template/html/revolution/js/extensions/revolution.extension.video.min.js]
